== Test 1: Import check ==
PASS: Import check

== Test 2: Return structure check ==
[WARNING] Twitter: TWITTER_BEARER_TOKEN environment variable not set.
[WARNING] Reddit: REDDIT_CLIENT_ID or REDDIT_CLIENT_SECRET environment variable not set.
PASS: return structure correct

== Test 3: Dedup logic check ==
PASS: _seen_post_ids is accessible at module level

== Test 4: Clean text check ==
PASS: clean_text output: 'buy $pepe now'
